[2026-09-12T18:27:04.422+0000] {local_task_job_runner.py:123} INFO - ::group::Pre task execution logs
[2026-09-12T18:27:04.427+0000] {taskinstance.py:2612} INFO - Dependencies all met for dep_context=non-requeueable deps ti=<TaskInstance: WeatherToronto_ETL.load scheduled__2026-09-12T18:26:00+00:00 [queued]>
[2026-09-12T18:27:04.429+0000] {taskinstance.py:2612} INFO - Dependencies all met for dep_context=requeueable deps ti=<TaskInstance: WeatherToronto_ETL.load scheduled__2026-09-12T18:26:00+00:00 [queued]>
[2026-09-12T18:27:04.429+0000] {taskinstance.py:2865} INFO - Starting attempt 1 of 1
[2026-09-12T18:27:04.433+0000] {taskinstance.py:2888} INFO - Executing <Task(_PythonDecoratedOperator): load> on 2026-09-12 18:26:00+00:00
[2026-09-12T18:27:04.437+0000] {logging_mixin.py:190} WARNING - /home/***/.local/lib/python3.12/site-packages/***/task/task_runner/standard_task_runner.py:70 DeprecationWarning: This process (pid=4842) is multi-threaded, use of fork() may lead to deadlocks in the child.
[2026-09-12T18:27:04.437+0000] {standard_task_runner.py:72} INFO - Started process 4845 to run task
[2026-09-12T18:27:04.437+0000] {standard_task_runner.py:104} INFO - Running: ['***', 'tasks', 'run', 'WeatherToronto_ETL', 'load', 'scheduled__2026-09-12T18:26:00+00:00', '--job-id', '13', '--raw', '--subdir', 'DAGS_FOLDER/Shi_HW 3.py', '--cfg-path', '/tmp/tmpzumpq8ew']
[2026-09-12T18:27:04.438+0000] {standard_task_runner.py:105} INFO - Job 13: Subtask load
[2026-09-12T18:27:04.461+0000] {task_command.py:467} INFO - Running <TaskInstance: WeatherToronto_ETL.load scheduled__2026-09-12T18:26:00+00:00 [running]> on host 56c3927a17b0
[2026-09-12T18:27:04.500+0000] {taskinstance.py:3131} INFO - Exporting env vars: AIRFLOW_CTX_DAG_OWNER='***' AIRFLOW_CTX_DAG_ID='WeatherToronto_ETL' AIRFLOW_CTX_TASK_ID='load' AIRFLOW_CTX_EXECUTION_DATE='2026-09-12T18:26:00+00:00' AIRFLOW_CTX_TRY_NUMBER='1' AIRFLOW_CTX_DAG_RUN_ID='scheduled__2026-09-12T18:26:00+00:00'
[2026-09-12T18:27:04.501+0000] {taskinstance.py:731} INFO - ::endgroup::
[2026-09-12T18:27:04.507+0000] {base.py:84} INFO - Retrieving connection 'snowflake_conn'
[2026-09-12T18:27:04.537+0000] {connection.py:413} INFO - Snowflake Connector for Python Version: 3.12.2, Python Version: 3.12.5, Platform: Linux-7.0.12-linuxkit-aarch64-with-glibc2.36
[2026-09-12T18:27:04.540+0000] {connection.py:1196} INFO - Connecting to GLOBAL Snowflake domain
[2026-09-12T18:27:04.540+0000] {connection.py:1277} INFO - This connection is in OCSP Fail Open Mode. TLS Certificates would be checked for validity and revocation status. Any other Certificate Revocation related exceptions or OCSP Responder failures would be disregarded in favor of connectivity.
[2026-09-12T18:27:05.322+0000] {cursor.py:1156} INFO - Number of results in first chunk: 1
[2026-09-12T18:27:05.476+0000] {cursor.py:1156} INFO - Number of results in first chunk: 1
[2026-09-12T18:27:41.235+0000] {cursor.py:1156} INFO - Number of results in first chunk: 1
[2026-09-12T18:27:41.240+0000] {python.py:240} INFO - Done. Returned value was: None
[2026-09-12T18:27:41.261+0000] {taskinstance.py:340} INFO - ::group::Post task execution logs
[2026-09-12T18:27:41.262+0000] {taskinstance.py:352} INFO - Marking task as SUCCESS. dag_id=WeatherToronto_ETL, task_id=load, run_id=scheduled__2026-09-12T18:26:00+00:00, execution_date=20260912T182600, start_date=20260912T182704, end_date=20260912T182741
[2026-09-12T18:27:41.325+0000] {local_task_job_runner.py:266} INFO - Task exited with return code 0
[2026-09-12T18:27:41.339+0000] {taskinstance.py:3900} INFO - 0 downstream tasks scheduled from follow-on schedule check
[2026-09-12T18:27:41.340+0000] {local_task_job_runner.py:245} INFO - ::endgroup::
