[2026-09-12T19:08:34.492+0000] {local_task_job_runner.py:123} INFO - ::group::Pre task execution logs
[2026-09-12T19:08:34.498+0000] {taskinstance.py:2612} INFO - Dependencies all met for dep_context=non-requeueable deps ti=<TaskInstance: WeatherToronto_ETL.load manual__2026-09-12T19:08:31.694888+00:00 [queued]>
[2026-09-12T19:08:34.500+0000] {taskinstance.py:2612} INFO - Dependencies all met for dep_context=requeueable deps ti=<TaskInstance: WeatherToronto_ETL.load manual__2026-09-12T19:08:31.694888+00:00 [queued]>
[2026-09-12T19:08:34.501+0000] {taskinstance.py:2865} INFO - Starting attempt 1 of 1
[2026-09-12T19:08:34.504+0000] {taskinstance.py:2888} INFO - Executing <Task(_PythonDecoratedOperator): load> on 2026-09-12 19:08:31.694888+00:00
[2026-09-12T19:08:34.511+0000] {logging_mixin.py:190} WARNING - /home/***/.local/lib/python3.12/site-packages/***/task/task_runner/standard_task_runner.py:70 DeprecationWarning: This process (pid=5815) is multi-threaded, use of fork() may lead to deadlocks in the child.
[2026-09-12T19:08:34.512+0000] {standard_task_runner.py:72} INFO - Started process 5818 to run task
[2026-09-12T19:08:34.509+0000] {standard_task_runner.py:104} INFO - Running: ['***', 'tasks', 'run', 'WeatherToronto_ETL', 'load', 'manual__2026-09-12T19:08:31.694888+00:00', '--job-id', '18', '--raw', '--subdir', 'DAGS_FOLDER/Shi_HW 3.py', '--cfg-path', '/tmp/tmpd9jbmkes']
[2026-09-12T19:08:34.514+0000] {standard_task_runner.py:105} INFO - Job 18: Subtask load
[2026-09-12T19:08:34.552+0000] {task_command.py:467} INFO - Running <TaskInstance: WeatherToronto_ETL.load manual__2026-09-12T19:08:31.694888+00:00 [running]> on host 56c3927a17b0
[2026-09-12T19:08:34.597+0000] {taskinstance.py:3131} INFO - Exporting env vars: AIRFLOW_CTX_DAG_OWNER='***' AIRFLOW_CTX_DAG_ID='WeatherToronto_ETL' AIRFLOW_CTX_TASK_ID='load' AIRFLOW_CTX_EXECUTION_DATE='2026-09-12T19:08:31.694888+00:00' AIRFLOW_CTX_TRY_NUMBER='1' AIRFLOW_CTX_DAG_RUN_ID='manual__2026-09-12T19:08:31.694888+00:00'
[2026-09-12T19:08:34.598+0000] {taskinstance.py:731} INFO - ::endgroup::
[2026-09-12T19:08:34.604+0000] {base.py:84} INFO - Retrieving connection 'snowflake_conn'
[2026-09-12T19:08:34.634+0000] {connection.py:413} INFO - Snowflake Connector for Python Version: 3.12.2, Python Version: 3.12.5, Platform: Linux-7.0.12-linuxkit-aarch64-with-glibc2.36
[2026-09-12T19:08:34.634+0000] {connection.py:1196} INFO - Connecting to GLOBAL Snowflake domain
[2026-09-12T19:08:34.635+0000] {connection.py:1277} INFO - This connection is in OCSP Fail Open Mode. TLS Certificates would be checked for validity and revocation status. Any other Certificate Revocation related exceptions or OCSP Responder failures would be disregarded in favor of connectivity.
[2026-09-12T19:08:35.350+0000] {cursor.py:1156} INFO - Number of results in first chunk: 1
[2026-09-12T19:08:35.518+0000] {cursor.py:1156} INFO - Number of results in first chunk: 1
[2026-09-12T19:09:04.775+0000] {local_task_job_runner.py:346} WARNING - State of this instance has been externally set to failed. Terminating instance.
[2026-09-12T19:09:04.779+0000] {local_task_job_runner.py:245} INFO - ::endgroup::
[2026-09-12T19:09:04.780+0000] {process_utils.py:132} INFO - Sending 15 to group 5818. PIDs of all processes in the group: [5818]
[2026-09-12T19:09:04.780+0000] {process_utils.py:87} INFO - Sending the signal 15 to group 5818
[2026-09-12T19:09:04.781+0000] {taskinstance.py:3092} ERROR - Received SIGTERM. Terminating subprocesses.
[2026-09-12T19:09:04.799+0000] {taskinstance.py:340} INFO - ::group::Post task execution logs
[2026-09-12T19:09:04.839+0000] {process_utils.py:80} INFO - Process psutil.Process(pid=5818, status='terminated', exitcode=0, started='19:08:34') (5818) terminated with exit code 0
